[2J[40m 

[0m [30mABCDEFG [31mABCDEFG [32mABCDEFG [33mABCDEFG [34mABCDEFG [35mABCDEFG [36mABCDEFG [37mABCDEFG

[1m [30mABCDEFG [31mABCDEFG [32mABCDEFG [33mABCDEFG [34mABCDEFG [35mABCDEFG [36mABCDEFG [37mABCDEFG

[0;30;40m [40mABCDEFG [41mABCDEFG [42mABCDEFG [43mABCDEFG [44mABCDEFG [45mABCDEFG [46mABCDEFG [47mABCDEFG
